// Jest Snapshot v1, https://goo.gl/fbAQLP

exports[`VerifyOtp Verification screen is match snapshot 1`] = `
<RNCSafeAreaView
  edges={
    {
      "bottom": "additive",
      "left": "additive",
      "right": "additive",
      "top": "additive",
    }
  }
  style={
    {
      "alignItems": "center",
      "backgroundColor": "#debbb0",
      "flex": 1,
      "justifyContent": "center",
    }
  }
>
  <View
    accessibilityLabel="TXT_VERIFY_OTP"
    accessible={true}
    style={
      {
        "marginBottom": 20,
      }
    }
    testID="TXT_VERIFY_OTP"
  >
    <Text
      style={
        {
          "fontSize": 20,
          "fontWeight": "bold",
        }
      }
    >
      Verify OTP
    </Text>
  </View>
  <View
    accessibilityLabel="INPUT_TXT_OTP"
    accessible={true}
    testID="INPUT_TXT_OTP"
  />
</RNCSafeAreaView>
`;
